---
source: crates/ktc-lexer/tests/corpus.rs
expression: "val bad = \"never ends\nval ok = 1\n"
---
# tokens
KW[Val]                 0..3    val
IDENT                   4..7    bad
Eq                      8..9    =
QUOTE["]               10..11   \"
STR_TEXT["never ends"]   11..21   never ends
NL                     21..22   \n
KW[Val]                22..25   val
IDENT                  26..28   ok
Eq                     29..30   =
INT[Decimal,None]      31..32   1
NL                     32..33   \n
EOF                    33..33   

# diagnostics
[E0061] Error newline in regular string literal @21..21
