---
source: crates/ktc-lexer/tests/corpus.rs
expression: "val a = b == c\nval b1 = b === c\nval c1 = b != c\nval d1 = b !== c\nval e1 = b <= c && b >= c || !b\nval f1 = a + b - c * d / e % f\nval g1 = a += 1\nval h1 = a -= 1\nval i1 = a *= 1\nval j1 = a /= 1\nval k1 = a %= 1\nval l1 = a++\nval m1 = --a\nval n1 = a ?: b\nval o1 = a?.b\nval p1 = a!!\nval q1 = a -> b\nval r1 = a..b\nval s1 = a..<b\nval t1 = a::b\nval u1 = @Anno fun x() {}\n"
---
# tokens
KW[Val]                 0..3    val
IDENT                   4..5    a
Eq                      6..7    =
IDENT                   8..9    b
EqEq                   10..12   ==
IDENT                  13..14   c
NL                     14..15   \n
KW[Val]                15..18   val
IDENT                  19..21   b1
Eq                     22..23   =
IDENT                  24..25   b
EqEqEq                 26..29   ===
IDENT                  30..31   c
NL                     31..32   \n
KW[Val]                32..35   val
IDENT                  36..38   c1
Eq                     39..40   =
IDENT                  41..42   b
BangEq                 43..45   !=
IDENT                  46..47   c
NL                     47..48   \n
KW[Val]                48..51   val
IDENT                  52..54   d1
Eq                     55..56   =
IDENT                  57..58   b
BangEqEq               59..62   !==
IDENT                  63..64   c
NL                     64..65   \n
KW[Val]                65..68   val
IDENT                  69..71   e1
Eq                     72..73   =
IDENT                  74..75   b
Le                     76..78   <=
IDENT                  79..80   c
AmpAmp                 81..83   &&
IDENT                  84..85   b
Ge                     86..88   >=
IDENT                  89..90   c
PipePipe               91..93   ||
ExclNoWs               94..95   !
IDENT                  95..96   b
NL                     96..97   \n
KW[Val]                97..100  val
IDENT                 101..103  f1
Eq                    104..105  =
IDENT                 106..107  a
Plus                  108..109  +
IDENT                 110..111  b
Minus                 112..113  -
IDENT                 114..115  c
Star                  116..117  *
IDENT                 118..119  d
Slash                 120..121  /
IDENT                 122..123  e
Percent               124..125  %
IDENT                 126..127  f
NL                    127..128  \n
KW[Val]               128..131  val
IDENT                 132..134  g1
Eq                    135..136  =
IDENT                 137..138  a
PlusEq                139..141  +=
INT[Decimal,None]     142..143  1
NL                    143..144  \n
KW[Val]               144..147  val
IDENT                 148..150  h1
Eq                    151..152  =
IDENT                 153..154  a
MinusEq               155..157  -=
INT[Decimal,None]     158..159  1
NL                    159..160  \n
KW[Val]               160..163  val
IDENT                 164..166  i1
Eq                    167..168  =
IDENT                 169..170  a
StarEq                171..173  *=
INT[Decimal,None]     174..175  1
NL                    175..176  \n
KW[Val]               176..179  val
IDENT                 180..182  j1
Eq                    183..184  =
IDENT                 185..186  a
SlashEq               187..189  /=
INT[Decimal,None]     190..191  1
NL                    191..192  \n
KW[Val]               192..195  val
IDENT                 196..198  k1
Eq                    199..200  =
IDENT                 201..202  a
PercentEq             203..205  %=
INT[Decimal,None]     206..207  1
NL                    207..208  \n
KW[Val]               208..211  val
IDENT                 212..214  l1
Eq                    215..216  =
IDENT                 217..218  a
PlusPlus              218..220  ++
NL                    220..221  \n
KW[Val]               221..224  val
IDENT                 225..227  m1
Eq                    228..229  =
MinusMinus            230..232  --
IDENT                 232..233  a
NL                    233..234  \n
KW[Val]               234..237  val
IDENT                 238..240  n1
Eq                    241..242  =
IDENT                 243..244  a
QuestionColon         245..247  ?:
IDENT                 248..249  b
NL                    249..250  \n
KW[Val]               250..253  val
IDENT                 254..256  o1
Eq                    257..258  =
IDENT                 259..260  a
QuestionDot           260..262  ?.
IDENT                 262..263  b
NL                    263..264  \n
KW[Val]               264..267  val
IDENT                 268..270  p1
Eq                    271..272  =
IDENT                 273..274  a
BangBang              274..276  !!
NL                    276..277  \n
KW[Val]               277..280  val
IDENT                 281..283  q1
Eq                    284..285  =
IDENT                 286..287  a
Arrow                 288..290  ->
IDENT                 291..292  b
NL                    292..293  \n
KW[Val]               293..296  val
IDENT                 297..299  r1
Eq                    300..301  =
IDENT                 302..303  a
DotDot                303..305  ..
IDENT                 305..306  b
NL                    306..307  \n
KW[Val]               307..310  val
IDENT                 311..313  s1
Eq                    314..315  =
IDENT                 316..317  a
DotDotLess            317..320  ..<
IDENT                 320..321  b
NL                    321..322  \n
KW[Val]               322..325  val
IDENT                 326..328  t1
Eq                    329..330  =
IDENT                 331..332  a
ColonColon            332..334  ::
IDENT                 334..335  b
NL                    335..336  \n
KW[Val]               336..339  val
IDENT                 340..342  u1
Eq                    343..344  =
AtPreWs               345..346  @
IDENT                 346..350  Anno
KW[Fun]               351..354  fun
IDENT                 355..356  x
LParen                356..357  (
RParen                357..358  )
LBrace                359..360  {
RBrace                360..361  }
NL                    361..362  \n
EOF                   362..362
