---
source: crates/ktc-lexer/tests/corpus.rs
expression: "package demo.app\n\nimport kotlin.math.PI\nimport kotlin.collections.List as KList\n\nclass Box(val value: Int) {\n    fun get(): Int = value\n}\n\nobject Singleton {\n    val name = \"singleton\"\n}\n\ninterface Greeter {\n    fun greet(): String\n}\n\nfun main() {\n    val b: Box = Box(1)\n    var counter: Int = 0\n    counter += b.get()\n    if (counter > 0) {\n        return\n    }\n    while (counter < 10) {\n        counter++\n    }\n    for (i in 0..3) {\n        println(i)\n    }\n}\n"
---
# tokens
KW[Package]             0..7    package
IDENT                   8..12   demo
Dot                    12..13   .
IDENT                  13..16   app
NL                     16..17   \n
NL                     17..18   \n
KW[Import]             18..24   import
IDENT                  25..31   kotlin
Dot                    31..32   .
IDENT                  32..36   math
Dot                    36..37   .
IDENT                  37..39   PI
NL                     39..40   \n
KW[Import]             40..46   import
IDENT                  47..53   kotlin
Dot                    53..54   .
IDENT                  54..65   collections
Dot                    65..66   .
IDENT                  66..70   List
KW[As]                 71..73   as
IDENT                  74..79   KList
NL                     79..80   \n
NL                     80..81   \n
KW[Class]              81..86   class
IDENT                  87..90   Box
LParen                 90..91   (
KW[Val]                91..94   val
IDENT                  95..100  value
Colon                 100..101  :
IDENT                 102..105  Int
RParen                105..106  )
LBrace                107..108  {
NL                    108..109  \n
KW[Fun]               113..116  fun
IDENT                 117..120  get
LParen                120..121  (
RParen                121..122  )
Colon                 122..123  :
IDENT                 124..127  Int
Eq                    128..129  =
IDENT                 130..135  value
NL                    135..136  \n
RBrace                136..137  }
NL                    137..138  \n
NL                    138..139  \n
KW[Object]            139..145  object
IDENT                 146..155  Singleton
LBrace                156..157  {
NL                    157..158  \n
KW[Val]               162..165  val
IDENT                 166..170  name
Eq                    171..172  =
QUOTE["]              173..174  \"
STR_TEXT["singleton"]  174..183  singleton
QUOTE["]              183..184  \"
NL                    184..185  \n
RBrace                185..186  }
NL                    186..187  \n
NL                    187..188  \n
KW[Interface]         188..197  interface
IDENT                 198..205  Greeter
LBrace                206..207  {
NL                    207..208  \n
KW[Fun]               212..215  fun
IDENT                 216..221  greet
LParen                221..222  (
RParen                222..223  )
Colon                 223..224  :
IDENT                 225..231  String
NL                    231..232  \n
RBrace                232..233  }
NL                    233..234  \n
NL                    234..235  \n
KW[Fun]               235..238  fun
IDENT                 239..243  main
LParen                243..244  (
RParen                244..245  )
LBrace                246..247  {
NL                    247..248  \n
KW[Val]               252..255  val
IDENT                 256..257  b
Colon                 257..258  :
IDENT                 259..262  Box
Eq                    263..264  =
IDENT                 265..268  Box
LParen                268..269  (
INT[Decimal,None]     269..270  1
RParen                270..271  )
NL                    271..272  \n
KW[Var]               276..279  var
IDENT                 280..287  counter
Colon                 287..288  :
IDENT                 289..292  Int
Eq                    293..294  =
INT[Decimal,None]     295..296  0
NL                    296..297  \n
IDENT                 301..308  counter
PlusEq                309..311  +=
IDENT                 312..313  b
Dot                   313..314  .
IDENT                 314..317  get
LParen                317..318  (
RParen                318..319  )
NL                    319..320  \n
KW[If]                324..326  if
LParen                327..328  (
IDENT                 328..335  counter
Gt                    336..337  >
INT[Decimal,None]     338..339  0
RParen                339..340  )
LBrace                341..342  {
NL                    342..343  \n
KW[Return]            351..357  return
NL                    357..358  \n
RBrace                362..363  }
NL                    363..364  \n
KW[While]             368..373  while
LParen                374..375  (
IDENT                 375..382  counter
Lt                    383..384  <
INT[Decimal,None]     385..387  10
RParen                387..388  )
LBrace                389..390  {
NL                    390..391  \n
IDENT                 399..406  counter
PlusPlus              406..408  ++
NL                    408..409  \n
RBrace                413..414  }
NL                    414..415  \n
KW[For]               419..422  for
LParen                423..424  (
IDENT                 424..425  i
KW[In]                426..428  in
INT[Decimal,None]     429..430  0
DotDot                430..432  ..
INT[Decimal,None]     432..433  3
RParen                433..434  )
LBrace                435..436  {
NL                    436..437  \n
IDENT                 445..452  println
LParen                452..453  (
IDENT                 453..454  i
RParen                454..455  )
NL                    455..456  \n
RBrace                460..461  }
NL                    461..462  \n
RBrace                462..463  }
NL                    463..464  \n
EOF                   464..464
