---
source: crates/ktc-lexer/tests/corpus.rs
expression: "val plain = \"hello\\n\\tworld\"\nval short = \"hi $name\"\nval full = \"sum=${a + b}!\"\nval nested = \"outer ${ if (b) \"yes ${x}\" else \"no\" }\"\nval raw = \"\"\"line one\nline two with $name and ${1 + 1}\"\"\"\nval empty = \"\"\nval dollar = \"price: \\$5\"\n"
---
# tokens
KW[Val]                 0..3    val
IDENT                   4..9    plain
Eq                     10..11   =
QUOTE["]               12..13   \"
STR_TEXT["hello\n\tworld"]   13..27   hello\\n\\tworld
QUOTE["]               27..28   \"
NL                     28..29   \n
KW[Val]                29..32   val
IDENT                  33..38   short
Eq                     39..40   =
QUOTE["]               41..42   \"
STR_TEXT["hi "]        42..45   hi 
SHORT_INTERP[name]     45..50   $name
QUOTE["]               50..51   \"
NL                     51..52   \n
KW[Val]                52..55   val
IDENT                  56..60   full
Eq                     61..62   =
QUOTE["]               63..64   \"
STR_TEXT["sum="]       64..68   sum=
INTERP_START           68..70   ${
IDENT                  70..71   a
Plus                   72..73   +
IDENT                  74..75   b
INTERP_END             75..76   }
STR_TEXT["!"]          76..77   !
QUOTE["]               77..78   \"
NL                     78..79   \n
KW[Val]                79..82   val
IDENT                  83..89   nested
Eq                     90..91   =
QUOTE["]               92..93   \"
STR_TEXT["outer "]     93..99   outer 
INTERP_START           99..101  ${
KW[If]                102..104  if
LParen                105..106  (
IDENT                 106..107  b
RParen                107..108  )
QUOTE["]              109..110  \"
STR_TEXT["yes "]      110..114  yes 
INTERP_START          114..116  ${
IDENT                 116..117  x
INTERP_END            117..118  }
QUOTE["]              118..119  \"
KW[Else]              120..124  else
QUOTE["]              125..126  \"
STR_TEXT["no"]        126..128  no
QUOTE["]              128..129  \"
INTERP_END            130..131  }
QUOTE["]              131..132  \"
NL                    132..133  \n
KW[Val]               133..136  val
IDENT                 137..140  raw
Eq                    141..142  =
QUOTE["""]            143..146  \"\"\"
STR_TEXT["line one\nline two with "]  146..169  line one\nline two with 
SHORT_INTERP[name]    169..174  $name
STR_TEXT[" and "]     174..179   and 
INTERP_START          179..181  ${
INT[Decimal,None]     181..182  1
Plus                  183..184  +
INT[Decimal,None]     185..186  1
INTERP_END            186..187  }
QUOTE["""]            187..190  \"\"\"
NL                    190..191  \n
KW[Val]               191..194  val
IDENT                 195..200  empty
Eq                    201..202  =
QUOTE["]              203..204  \"
QUOTE["]              204..205  \"
NL                    205..206  \n
KW[Val]               206..209  val
IDENT                 210..216  dollar
Eq                    217..218  =
QUOTE["]              219..220  \"
STR_TEXT["price: $5"]  220..230  price: \\$5
QUOTE["]              230..231  \"
NL                    231..232  \n
EOF                   232..232
