---
source: crates/ktc-resolver/tests/corpus.rs
expression: "import com.example.Widget\n\nfun main() {\n    println(\"hi\")\n}\n"
---
# symbols
  [0] Builtin println @builtin
  [1] Builtin print @builtin
  [2] TopLevelFunction main @31..35

# uses
  @44..51 -> [0] println (Builtin)

# diagnostics
  [R0003] Error third-party imports are not supported; only `kotlin.*` may be imported @0..25
