---
source: crates/klio-resolver/tests/corpus.rs
expression: "import kotlin.text.*\n\nfun main() {\n    println(\"hi\")\n}\n"
---
# symbols
  [0] Builtin println @builtin
  [1] Builtin print @builtin
  [2] Builtin run @builtin
  [3] Builtin with @builtin
  [4] Builtin check @builtin
  [5] Builtin require @builtin
  [6] TopLevelFunction main @26..30

# uses
  @39..46 -> [0] println (Builtin)
