---
source: crates/klio-resolver/tests/corpus.rs
expression: "fun main() {\n    greet()\n    println(square(4))\n}\n\nfun greet() {\n    println(\"hello\")\n}\n\nfun square(x: Int): Int = x * x\n"
---
# symbols
  [0] Builtin println @builtin
  [1] Builtin print @builtin
  [2] Builtin run @builtin
  [3] Builtin with @builtin
  [4] Builtin check @builtin
  [5] Builtin require @builtin
  [6] Builtin buildList @builtin
  [7] Builtin buildMap @builtin
  [8] Builtin buildSet @builtin
  [9] Builtin sequence @builtin
  [10] Builtin iterator @builtin
  [11] TopLevelFunction main @4..8
  [12] TopLevelFunction greet @55..60
  [13] TopLevelFunction square @93..99
  [14] Parameter x @100..101

# uses
  @17..22 -> [12] greet (TopLevelFunction)
  @29..36 -> [0] println (Builtin)
  @37..43 -> [13] square (TopLevelFunction)
  @69..76 -> [0] println (Builtin)
  @115..116 -> [14] x (Parameter)
  @119..120 -> [14] x (Parameter)
