---
source: crates/klio-resolver/tests/corpus.rs
assertion_line: 80
expression: "import kotlin.text.*\n\nfun main() {\n    println(\"hi\")\n}\n"
---
# symbols
  [0] Builtin println @builtin
  [1] Builtin print @builtin
  [2] Builtin run @builtin
  [3] Builtin with @builtin
  [4] Builtin check @builtin
  [5] Builtin require @builtin
  [6] Builtin repeat @builtin
  [7] Builtin contract @builtin
  [8] Builtin synchronized @builtin
  [9] Builtin thread @builtin
  [10] Builtin Thread @builtin
  [11] Builtin buildList @builtin
  [12] Builtin buildMap @builtin
  [13] Builtin buildSet @builtin
  [14] Builtin sequence @builtin
  [15] Builtin iterator @builtin
  [16] TopLevelFunction main @26..30

# uses
  @39..46 -> [0] println (Builtin)
