---
source: crates/klio-resolver/tests/corpus.rs
expression: "fun even(n: Int): Boolean = if (n == 0) true else odd(n - 1)\nfun odd(n: Int): Boolean = if (n == 0) false else even(n - 1)\n\nfun main() {\n    println(even(10))\n}\n"
---
# symbols
  [0] Builtin println @builtin
  [1] Builtin print @builtin
  [2] Builtin run @builtin
  [3] Builtin with @builtin
  [4] Builtin check @builtin
  [5] Builtin require @builtin
  [6] Builtin repeat @builtin
  [7] Builtin buildList @builtin
  [8] Builtin buildMap @builtin
  [9] Builtin buildSet @builtin
  [10] Builtin sequence @builtin
  [11] Builtin iterator @builtin
  [12] TopLevelFunction even @4..8
  [13] TopLevelFunction odd @65..68
  [14] TopLevelFunction main @128..132
  [15] Parameter n @9..10
  [16] Parameter n @69..70

# uses
  @32..33 -> [15] n (Parameter)
  @50..53 -> [13] odd (TopLevelFunction)
  @54..55 -> [15] n (Parameter)
  @92..93 -> [16] n (Parameter)
  @111..115 -> [12] even (TopLevelFunction)
  @116..117 -> [16] n (Parameter)
  @141..148 -> [0] println (Builtin)
  @149..153 -> [12] even (TopLevelFunction)
