---
source: crates/klio-resolver/tests/corpus.rs
expression: "import kotlin.reflect.KClass\n\nfun main() {\n    println(\"hi\")\n}\n"
---
# symbols
  [0] Builtin println @builtin
  [1] Builtin print @builtin
  [2] Builtin run @builtin
  [3] Builtin with @builtin
  [4] Builtin check @builtin
  [5] Builtin require @builtin
  [6] TopLevelFunction main @34..38

# uses
  @47..54 -> [0] println (Builtin)

# diagnostics
  [R0012] Error no package `kotlin.reflect` is known to this build @0..28
