---
source: crates/klio-resolver/tests/corpus.rs
expression: "import kotlin.foo.*\n\nfun main() {}\n"
---
# symbols
  [0] Builtin println @builtin
  [1] Builtin print @builtin
  [2] Builtin run @builtin
  [3] Builtin with @builtin
  [4] Builtin check @builtin
  [5] Builtin require @builtin
  [6] Builtin buildList @builtin
  [7] Builtin buildMap @builtin
  [8] Builtin buildSet @builtin
  [9] Builtin sequence @builtin
  [10] Builtin iterator @builtin
  [11] TopLevelFunction main @25..29

# uses

# diagnostics
  [R0012] Error no package `kotlin.foo` is known to this build @0..19
