---
source: crates/ktc-lexer/tests/corpus.rs
expression: "fun main() {\n    println(\"Hello, world!\")\n}\n"
---
# tokens
KW[Fun]                 0..3    fun
IDENT                   4..8    main
LParen                  8..9    (
RParen                  9..10   )
LBrace                 11..12   {
NL                     12..13   \n
IDENT                  17..24   println
LParen                 24..25   (
QUOTE["]               25..26   \"
STR_TEXT["Hello, world!"]   26..39   Hello, world!
QUOTE["]               39..40   \"
RParen                 40..41   )
NL                     41..42   \n
RBrace                 42..43   }
NL                     43..44   \n
EOF                    44..44
