---
source: crates/ktc-lexer/tests/corpus.rs
expression: "val a = 0\nval b = 42\nval c = 1_000_000\nval d = 0xCAFE_BABE\nval e = 0b1010_0101\nval f = 9L\nval g = 42u\nval h = 42UL\nval i = 3.14\nval j = 1.0e10\nval k = 1.5E-3\nval l = 2.0f\nval m = .5  // not valid Kotlin float — should lex as `.` then `5`\nval n = 1.toString()  // `.` then ident; not a float\n"
---
# tokens
KW[Val]                 0..3    val
IDENT                   4..5    a
Eq                      6..7    =
INT[Decimal,None]       8..9    0
NL                      9..10   \n
KW[Val]                10..13   val
IDENT                  14..15   b
Eq                     16..17   =
INT[Decimal,None]      18..20   42
NL                     20..21   \n
KW[Val]                21..24   val
IDENT                  25..26   c
Eq                     27..28   =
INT[Decimal,None]      29..38   1_000_000
NL                     38..39   \n
KW[Val]                39..42   val
IDENT                  43..44   d
Eq                     45..46   =
INT[Hex,None]          47..58   0xCAFE_BABE
NL                     58..59   \n
KW[Val]                59..62   val
IDENT                  63..64   e
Eq                     65..66   =
INT[Binary,None]       67..78   0b1010_0101
NL                     78..79   \n
KW[Val]                79..82   val
IDENT                  83..84   f
Eq                     85..86   =
INT[Decimal,Long]      87..89   9L
NL                     89..90   \n
KW[Val]                90..93   val
IDENT                  94..95   g
Eq                     96..97   =
INT[Decimal,UInt]      98..101  42u
NL                    101..102  \n
KW[Val]               102..105  val
IDENT                 106..107  h
Eq                    108..109  =
INT[Decimal,ULong]    110..114  42UL
NL                    114..115  \n
KW[Val]               115..118  val
IDENT                 119..120  i
Eq                    121..122  =
FLOAT[None]           123..127  3.14
NL                    127..128  \n
KW[Val]               128..131  val
IDENT                 132..133  j
Eq                    134..135  =
FLOAT[None]           136..142  1.0e10
NL                    142..143  \n
KW[Val]               143..146  val
IDENT                 147..148  k
Eq                    149..150  =
FLOAT[None]           151..157  1.5E-3
NL                    157..158  \n
KW[Val]               158..161  val
IDENT                 162..163  l
Eq                    164..165  =
FLOAT[Float]          166..170  2.0f
NL                    170..171  \n
KW[Val]               171..174  val
IDENT                 175..176  m
Eq                    177..178  =
Dot                   179..180  .
INT[Decimal,None]     180..181  5
NL                    239..240  \n
KW[Val]               240..243  val
IDENT                 244..245  n
Eq                    246..247  =
INT[Decimal,None]     248..249  1
Dot                   249..250  .
IDENT                 250..258  toString
LParen                258..259  (
RParen                259..260  )
NL                    292..293  \n
EOF                   293..293
