---
source: crates/ktc-lexer/tests/corpus.rs
expression: "val π = 3.14\nval αβγ = \"greek\"\nfun こんにちは(): String = \"hi\"\n"
---
# tokens
KW[Val]                 0..3    val
IDENT                   4..6    π
Eq                      7..8    =
FLOAT[None]             9..13   3.14
NL                     13..14   \n
KW[Val]                14..17   val
IDENT                  18..24   αβγ
Eq                     25..26   =
QUOTE["]               27..28   \"
STR_TEXT["greek"]      28..33   greek
QUOTE["]               33..34   \"
NL                     34..35   \n
KW[Fun]                35..38   fun
IDENT                  39..54   こんにちは
LParen                 54..55   (
RParen                 55..56   )
Colon                  56..57   :
IDENT                  58..64   String
Eq                     65..66   =
QUOTE["]               67..68   \"
STR_TEXT["hi"]         68..70   hi
QUOTE["]               70..71   \"
NL                     71..72   \n
EOF                    72..72
